../Core/Src/main.c:74:5:main	16	static
../Core/Src/main.c:124:6:SystemClock_Config	88	static
../Core/Src/main.c:171:13:MX_SPI1_Init	8	static
../Core/Src/main.c:209:13:MX_USART2_UART_Init	8	static
../Core/Src/main.c:242:13:MX_GPIO_Init	48	static
../Core/Src/main.c:285:9:SPI_WriteRead	48	static
../Core/Src/main.c:297:6:mcp2515_write_register	16	static
../Core/Src/main.c:306:9:mcp2515_read_register	24	static
../Core/Src/main.c:318:6:mcp2515_reset	8	static
../Core/Src/main.c:326:6:mcp2515_init	120	static
../Core/Src/main.c:353:6:mcp2515_send_message	48	static
../Core/Src/main.c:401:6:Error_Handler	4	static,ignoring_inline_asm
